# Logfile created on 2024-12-22 02:01:07 -0500 by logger.rb/v1.6.1
  INFO ---------------------------------------------------------------------------
  INFO START 2024-12-22 02:01:07 -0500 cap production puma:config
  INFO ---------------------------------------------------------------------------
  INFO ---------------------------------------------------------------------------
  INFO START 2024-12-22 14:52:40 -0500 cap staging deploy
  INFO ---------------------------------------------------------------------------
 DEBUG [faa7dc07] Running [ -d ~/.rvm ] as deploy@34.199.52.168
 DEBUG [faa7dc07] Command: [ -d ~/.rvm ]
  INFO ---------------------------------------------------------------------------
  INFO START 2024-12-22 14:53:49 -0500 cap staging deploy
  INFO ---------------------------------------------------------------------------
 DEBUG [4c4661b9] Running [ -d ~/.rvm ] as deploy@34.199.52.168
 DEBUG [4c4661b9] Command: [ -d ~/.rvm ]
  INFO ---------------------------------------------------------------------------
  INFO START 2024-12-22 15:47:52 -0500 cap staging deploy
  INFO ---------------------------------------------------------------------------
 DEBUG [98f7434b] Running [ -d ~/.rvm ] as deploy@34.199.52.168
 DEBUG [98f7434b] Command: [ -d ~/.rvm ]
  INFO ---------------------------------------------------------------------------
  INFO START 2024-12-22 15:48:04 -0500 cap staging deploy
  INFO ---------------------------------------------------------------------------
 DEBUG [1ad68319] Running [ -d ~/.rvm ] as deploy@34.199.52.168
 DEBUG [1ad68319] Command: [ -d ~/.rvm ]
  INFO ---------------------------------------------------------------------------
  INFO START 2025-01-06 08:14:16 -0800 cap staging deploy
  INFO ---------------------------------------------------------------------------
 DEBUG [a703574f] Running [ -d ~/.rvm ] as deploy@34.199.52.168
 DEBUG [a703574f] Command: [ -d ~/.rvm ]
  INFO ---------------------------------------------------------------------------
  INFO START 2025-01-06 12:13:42 -0800 cap staging deploy
  INFO ---------------------------------------------------------------------------
 DEBUG [7fa9b9f3] Running [ -d ~/.rvm ] as deploy@34.199.52.168
 DEBUG [7fa9b9f3] Command: [ -d ~/.rvm ]
  INFO ---------------------------------------------------------------------------
  INFO START 2025-01-06 15:08:45 -0800 cap staging deploy
  INFO ---------------------------------------------------------------------------
 DEBUG [a35b2dba] Running [ -d ~/.rvm ] as deploy@34.199.52.168
 DEBUG [a35b2dba] Command: [ -d ~/.rvm ]
  INFO ---------------------------------------------------------------------------
  INFO START 2025-01-06 16:37:38 -0800 cap staging deploy
  INFO ---------------------------------------------------------------------------
 DEBUG [dc942817] Running [ -d ~/.rvm ] as deploy@34.199.52.168
 DEBUG [dc942817] Command: [ -d ~/.rvm ]
  INFO ---------------------------------------------------------------------------
  INFO START 2025-01-06 16:37:51 -0800 cap staging deploy
  INFO ---------------------------------------------------------------------------
 DEBUG [537efd1b] Running [ -d ~/.rvm ] as deploy@34.199.52.168
 DEBUG [537efd1b] Command: [ -d ~/.rvm ]
  INFO ---------------------------------------------------------------------------
  INFO START 2025-01-06 19:01:20 -0800 cap staging deploy
  INFO ---------------------------------------------------------------------------
  INFO ---------------------------------------------------------------------------
  INFO START 2025-01-06 19:04:21 -0800 cap staging deploy
  INFO ---------------------------------------------------------------------------
  INFO ---------------------------------------------------------------------------
  INFO START 2025-01-07 09:36:07 -0800 cap staging deploy
  INFO ---------------------------------------------------------------------------
  INFO ---------------------------------------------------------------------------
  INFO START 2025-01-07 19:21:53 -0800 cap staging deploy
  INFO ---------------------------------------------------------------------------
  INFO ---------------------------------------------------------------------------
  INFO START 2025-01-07 19:41:28 -0800 cap staging deploy
  INFO ---------------------------------------------------------------------------
  INFO ---------------------------------------------------------------------------
  INFO START 2025-01-07 22:55:26 -0800 cap staging deploy
  INFO ---------------------------------------------------------------------------
  INFO ---------------------------------------------------------------------------
  INFO START 2025-01-08 19:18:11 -0800 cap production deploy
  INFO ---------------------------------------------------------------------------
 DEBUG [2954e0c2] Running [ -d $HOME/.rbenv/versions/3.2.3 ] as deploy@34.199.52.168
 DEBUG [2954e0c2] Command: [ -d $HOME/.rbenv/versions/3.2.3 ]
  INFO ---------------------------------------------------------------------------
  INFO START 2025-01-08 19:29:11 -0800 cap production deploy
  INFO ---------------------------------------------------------------------------
 DEBUG [7044dcf5] Running [ -d $HOME/.rbenv/versions/3.2.3 ] as deploy@34.199.52.168
 DEBUG [7044dcf5] Command: [ -d $HOME/.rbenv/versions/3.2.3 ]
  INFO ---------------------------------------------------------------------------
  INFO START 2025-01-08 19:34:50 -0800 cap staging deploy
  INFO ---------------------------------------------------------------------------
 DEBUG [4c50f7db] Running [ -d $HOME/.rbenv/versions/3.2.3 ] as deploy@34.199.52.168
 DEBUG [4c50f7db] Command: [ -d $HOME/.rbenv/versions/3.2.3 ]
  INFO ---------------------------------------------------------------------------
  INFO START 2025-01-08 19:37:46 -0800 cap production puma:config
  INFO ---------------------------------------------------------------------------
 DEBUG [5f7cdd0b] Running [ -d $HOME/.rbenv/versions/3.2.3 ] as deploy@34.199.52.168
 DEBUG [5f7cdd0b] Command: [ -d $HOME/.rbenv/versions/3.2.3 ]
  INFO ---------------------------------------------------------------------------
  INFO START 2025-01-08 19:37:55 -0800 cap production puma:config
  INFO ---------------------------------------------------------------------------
 DEBUG [6315742b] Running [ -d $HOME/.rbenv/versions/3.2.3 ] as deploy@34.199.52.168
 DEBUG [6315742b] Command: [ -d $HOME/.rbenv/versions/3.2.3 ]
  INFO ---------------------------------------------------------------------------
  INFO START 2025-01-08 19:38:43 -0800 cap staging deploy
  INFO ---------------------------------------------------------------------------
 DEBUG [088bf583] Running [ -d $HOME/.rbenv/versions/3.2.3 ] as deploy@34.199.52.168
 DEBUG [088bf583] Command: [ -d $HOME/.rbenv/versions/3.2.3 ]
  INFO ---------------------------------------------------------------------------
  INFO START 2025-01-08 19:46:50 -0800 cap staging deploy
  INFO ---------------------------------------------------------------------------
 DEBUG [aee237b8] Running [ -d $HOME/.rbenv/versions/3.2.3 ] as deploy@34.199.52.168
 DEBUG [aee237b8] Command: [ -d $HOME/.rbenv/versions/3.2.3 ]
  INFO ---------------------------------------------------------------------------
  INFO START 2025-01-08 19:56:52 -0800 cap staging deploy
  INFO ---------------------------------------------------------------------------
 DEBUG [ebb6c212] Running [ -d $HOME/.rbenv/versions/3.2.3 ] as deploy@34.199.52.168
 DEBUG [ebb6c212] Command: [ -d $HOME/.rbenv/versions/3.2.3 ]
  INFO ---------------------------------------------------------------------------
  INFO START 2025-01-08 19:59:03 -0800 cap staging deploy
  INFO ---------------------------------------------------------------------------
 DEBUG [8dadf2b3] Running [ -d $HOME/.rbenv/versions/3.2.3 ] as deploy@34.199.52.168
 DEBUG [8dadf2b3] Command: [ -d $HOME/.rbenv/versions/3.2.3 ]
  INFO ---------------------------------------------------------------------------
  INFO START 2025-01-08 20:03:33 -0800 cap staging deploy
  INFO ---------------------------------------------------------------------------
 DEBUG [418dc388] Running [ -d $HOME/.rbenv/versions/3.2.3 ] as deploy@34.199.52.168
 DEBUG [418dc388] Command: [ -d $HOME/.rbenv/versions/3.2.3 ]
  INFO ---------------------------------------------------------------------------
  INFO START 2025-01-08 20:06:49 -0800 cap staging deploy
  INFO ---------------------------------------------------------------------------
 DEBUG [6bb1201d] Running [ -d $HOME/.rbenv/versions/3.2.3 ] as deploy@34.199.52.168
 DEBUG [6bb1201d] Command: [ -d $HOME/.rbenv/versions/3.2.3 ]
  INFO ---------------------------------------------------------------------------
  INFO START 2025-01-08 20:09:47 -0800 cap staging deploy
  INFO ---------------------------------------------------------------------------
 DEBUG [d2f503c5] Running [ -d $HOME/.rbenv/versions/3.2.3 ] as deploy@34.199.52.168
 DEBUG [d2f503c5] Command: [ -d $HOME/.rbenv/versions/3.2.3 ]
  INFO ---------------------------------------------------------------------------
  INFO START 2025-01-08 20:10:48 -0800 cap staging deploy
  INFO ---------------------------------------------------------------------------
  INFO ---------------------------------------------------------------------------
  INFO START 2025-01-08 20:44:23 -0800 cap staging deploy
  INFO ---------------------------------------------------------------------------
  INFO ---------------------------------------------------------------------------
  INFO START 2025-01-08 20:44:42 -0800 cap staging deploy
  INFO ---------------------------------------------------------------------------
  INFO ---------------------------------------------------------------------------
  INFO START 2025-01-08 20:45:01 -0800 cap staging deploy
  INFO ---------------------------------------------------------------------------
  INFO ---------------------------------------------------------------------------
  INFO START 2025-01-08 20:48:32 -0800 cap staging deploy
  INFO ---------------------------------------------------------------------------
  INFO ---------------------------------------------------------------------------
  INFO START 2025-01-08 21:06:57 -0800 cap production deploy
  INFO ---------------------------------------------------------------------------
 DEBUG [2e6510ad] Running [ -d $HOME/.rbenv/versions/3.3.4 ] as deploy@34.199.52.168
 DEBUG [2e6510ad] Command: [ -d $HOME/.rbenv/versions/3.3.4 ]
  INFO ---------------------------------------------------------------------------
  INFO START 2025-01-08 21:07:09 -0800 cap staging deploy
  INFO ---------------------------------------------------------------------------
  INFO ---------------------------------------------------------------------------
  INFO START 2025-01-08 21:28:55 -0800 cap staging deploy
  INFO ---------------------------------------------------------------------------
  INFO ---------------------------------------------------------------------------
  INFO START 2025-01-08 21:30:52 -0800 cap staging deploy
  INFO ---------------------------------------------------------------------------
  INFO ---------------------------------------------------------------------------
  INFO START 2025-01-08 21:30:56 -0800 cap production deploy
  INFO ---------------------------------------------------------------------------
 DEBUG [e9b01116] Running [ -d $HOME/.rbenv/versions/3.3.4 ] as deploy@34.199.52.168
 DEBUG [e9b01116] Command: [ -d $HOME/.rbenv/versions/3.3.4 ]
  INFO ---------------------------------------------------------------------------
  INFO START 2025-01-08 23:13:58 -0800 cap production deploy
  INFO ---------------------------------------------------------------------------
 DEBUG [ff4f6e7b] Running [ -d $HOME/.rbenv/versions/3.3.4 ] as deploy@34.199.52.168
 DEBUG [ff4f6e7b] Command: [ -d $HOME/.rbenv/versions/3.3.4 ]
  INFO ---------------------------------------------------------------------------
  INFO START 2025-01-14 16:41:37 -0800 cap production deploy
  INFO ---------------------------------------------------------------------------
  INFO ---------------------------------------------------------------------------
  INFO START 2025-01-14 16:46:02 -0800 cap production deploy
  INFO ---------------------------------------------------------------------------
 DEBUG [d1a2f94a] Running [ -d $HOME/.rbenv/versions/3.2.3 ] as deploy@98.85.195.34
 DEBUG [d1a2f94a] Command: [ -d $HOME/.rbenv/versions/3.2.3 ]
  INFO ---------------------------------------------------------------------------
  INFO START 2025-01-14 17:03:09 -0800 cap production deploy
  INFO ---------------------------------------------------------------------------
 DEBUG [b3998407] Running [ -d $HOME/.rbenv/versions/3.2.3 ] as deploy@98.85.195.34
 DEBUG [b3998407] Command: [ -d $HOME/.rbenv/versions/3.2.3 ]
  INFO ---------------------------------------------------------------------------
  INFO START 2025-01-15 10:07:39 -0800 cap production deploy
  INFO ---------------------------------------------------------------------------
 DEBUG [6f30abd8] Running [ -d $HOME/.rbenv/versions/3.2.3 ] as deploy@98.85.195.34
 DEBUG [6f30abd8] Command: [ -d $HOME/.rbenv/versions/3.2.3 ]
